// Jest Snapshot v1, https://goo.gl/fbAQLP

exports[`ScrollSelector/src/ <Container /> renders correctly 1`] = `
<View
  style={
    Object {
      "alignSelf": "center",
      "backgroundColor": "red",
      "height": 180,
      "overflow": "hidden",
      "width": 150,
    }
  }
/>
`;
