// Jest Snapshot v1, https://goo.gl/fbAQLP

exports[`<ScrollSelector /> renders correctly 1`] = `
<View
  style={
    Object {
      "alignSelf": "center",
      "backgroundColor": null,
      "height": 180,
      "overflow": "hidden",
      "width": 350,
    }
  }
>
  <View
    style={
      Object {
        "borderBottomColor": "red",
        "borderBottomWidth": 0.001,
        "borderTopColor": "red",
        "borderTopWidth": 0.001,
        "height": 50,
        "position": "absolute",
        "top": 65,
        "width": "100%",
      }
    }
  />
  <RCTScrollView
    bounces={false}
    onMomentumScrollBegin={[Function]}
    onMomentumScrollEnd={[Function]}
    onScroll={[Function]}
    onScrollBeginDrag={[Function]}
    onScrollEndDrag={[Function]}
    scrollEventThrottle={400}
    showsVerticalScrollIndicator={false}
  >
    <View>
      <View
        style={
          Object {
            "flex": 1,
            "height": 65,
          }
        }
      />
      <View
        style={
          Object {
            "flex": 1,
            "height": 65,
          }
        }
      />
    </View>
  </RCTScrollView>
</View>
`;
