// Jest Snapshot v1, https://goo.gl/fbAQLP

exports[`<AlarmsListItem /> renders correctly 1`] = `null`;
