// Jest Snapshot v1, https://goo.gl/fbAQLP

exports[`<AlarmsList /> renders correctly 1`] = `null`;
