// Jest Snapshot v1, https://goo.gl/fbAQLP

exports[`<BottomTabNavigator /> renders correctly 1`] = `null`;
